// Jest Snapshot v1, https://goo.gl/fbAQLP

exports[`UserList class When trying to get user list An array should be returned 1`] = `[]`;
